// Jest Snapshot v1, https://goo.gl/fbAQLP

exports[`HandleMore Component should render HandleMore Component 1`] = `
Array [
  <React.Fragment />,
]
`;
