// Jest Snapshot v1, https://goo.gl/fbAQLP

exports[`Error Component should render Error Component 1`] = `
Array [
  <React.Fragment />,
]
`;
