// Jest Snapshot v1, https://goo.gl/fbAQLP

exports[`ButtonComponent should render Button Component 1`] = `ShallowWrapper {}`;
